Traceback (most recent call last):
  File "C:\dev\iMak_harvest\iMakHarvest\run_harvest_mercari_psa10.py", line 620, in <module>
    sys.exit(main())
             ^^^^^^
  File "C:\dev\iMak_harvest\iMakHarvest\run_harvest_mercari_psa10.py", line 567, in main
    payload = collect(args, dump_path=path, resume=resume,
              ^^^^^^^^^^^^^^^^^^^^^^^^^^^^^^^^^^^^^^^^^^^^
  File "C:\dev\iMak_harvest\iMakHarvest\run_harvest_mercari_psa10.py", line 239, in collect
    n_c, n_u = on_flush(cands[flushed["c"]:], unreadable[flushed["u"]:])
               ^^^^^^^^^^^^^^^^^^^^^^^^^^^^^^^^^^^^^^^^^^^^^^^^^^^^^^^^^
  File "C:\dev\iMak_harvest\iMakHarvest\run_harvest_mercari_psa10.py", line 560, in _flush
    res = _append_items(items, args.label, game)
          ^^^^^^^^^^^^^^^^^^^^^^^^^^^^^^^^^^^^^^
  File "C:\dev\iMak_harvest\iMakHarvest\run_harvest_mercari_psa10.py", line 399, in _append_items
    return append_mercari_search_items(items, label=psa_game.tab_label(base_label, game))
           ^^^^^^^^^^^^^^^^^^^^^^^^^^^^^^^^^^^^^^^^^^^^^^^^^^^^^^^^^^^^^^^^^^^^^^^^^^^^^^
  File "C:\dev\iMak_harvest\iMakHarvest\sheet_writer_mercari_search.py", line 139, in append_mercari_search_items
    last_row = len(ws.get_all_values())
                   ^^^^^^^^^^^^^^^^^^^
  File "C:\Users\imax2\AppData\Local\Packages\PythonSoftwareFoundation.Python.3.11_qbz5n2kfra8p0\LocalCache\local-packages\Python311\site-packages\gspread\worksheet.py", line 486, in get_all_values
    return self.get_values(
           ^^^^^^^^^^^^^^^^
  File "C:\Users\imax2\AppData\Local\Packages\PythonSoftwareFoundation.Python.3.11_qbz5n2kfra8p0\LocalCache\local-packages\Python311\site-packages\gspread\worksheet.py", line 463, in get_values
    return self.get(
           ^^^^^^^^^
  File "C:\Users\imax2\AppData\Local\Packages\PythonSoftwareFoundation.Python.3.11_qbz5n2kfra8p0\LocalCache\local-packages\Python311\site-packages\gspread\worksheet.py", line 958, in get
    response = self.client.values_get(
               ^^^^^^^^^^^^^^^^^^^^^^^
  File "C:\Users\imax2\AppData\Local\Packages\PythonSoftwareFoundation.Python.3.11_qbz5n2kfra8p0\LocalCache\local-packages\Python311\site-packages\gspread\http_client.py", line 236, in values_get
    r = self.request("get", url, params=params)
        ^^^^^^^^^^^^^^^^^^^^^^^^^^^^^^^^^^^^^^^
  File "C:\Users\imax2\AppData\Local\Packages\PythonSoftwareFoundation.Python.3.11_qbz5n2kfra8p0\LocalCache\local-packages\Python311\site-packages\gspread\http_client.py", line 128, in request
    raise APIError(response)
gspread.exceptions.APIError: APIError: [429]: Quota exceeded for quota metric 'Read requests' and limit 'Read requests per minute per user' of service 'sheets.googleapis.com' for consumer 'project_number:217196442610'.
